2025-04-14 11:04:43.185 [main] ERROR c.b.m.core.MybatisConfiguration - mapper[com.scenic.ai.mapper.AlertMapper.findByLevelAndStatus] is ignored, because it exists, maybe from xml file
2025-04-14 11:04:43.185 [main] ERROR c.b.m.core.MybatisConfiguration - mapper[com.scenic.ai.mapper.AlertMapper.batchUpdateStatus] is ignored, because it exists, maybe from xml file
2025-04-14 11:04:43.185 [main] ERROR c.b.m.core.MybatisConfiguration - mapper[com.scenic.ai.mapper.AlertMapper.findByStatus] is ignored, because it exists, maybe from xml file
2025-04-14 11:04:43.198 [main] ERROR c.b.m.core.MybatisConfiguration - mapper[com.scenic.ai.mapper.AlertMapper.findByConditions] is ignored, because it exists, maybe from xml file
2025-04-14 11:04:43.209 [main] ERROR c.b.m.core.MybatisConfiguration - mapper[com.scenic.ai.mapper.AlertMapper.countByTimeRange] is ignored, because it exists, maybe from xml file
2025-04-14 11:05:03.355 [scheduled-task-1] ERROR com.zaxxer.hikari.pool.HikariPool - HikariCP - Exception during pool initialization.
dm.jdbc.driver.DMException: 网络通信异常
	at dm.jdbc.driver.DBError.throwException(SourceFile:847)
	at dm.jdbc.a.a.init(SourceFile:215)
	at dm.jdbc.a.a.<init>(SourceFile:182)
	at dm.jdbc.driver.DmdbConnection.openConnection(SourceFile:761)
	at dm.jdbc.internal.conf.EP.connect(SourceFile:145)
	at dm.jdbc.internal.conf.EPGroup$EPSelector.select(SourceFile:497)
	at dm.jdbc.internal.conf.EPGroup.connect(SourceFile:340)
	at dm.jdbc.driver.DmDriver.do_connect(SourceFile:164)
	at dm.jdbc.driver.DmDriver.connect(SourceFile:450)
	at com.zaxxer.hikari.util.DriverDataSource.getConnection(DriverDataSource.java:138)
	at com.zaxxer.hikari.pool.PoolBase.newConnection(PoolBase.java:359)
	at com.zaxxer.hikari.pool.PoolBase.newPoolEntry(PoolBase.java:201)
	at com.zaxxer.hikari.pool.HikariPool.createPoolEntry(HikariPool.java:470)
	at com.zaxxer.hikari.pool.HikariPool.checkFailFast(HikariPool.java:561)
	at com.zaxxer.hikari.pool.HikariPool.<init>(HikariPool.java:100)
	at com.zaxxer.hikari.HikariDataSource.getConnection(HikariDataSource.java:112)
	at org.springframework.jdbc.datasource.DataSourceTransactionManager.doBegin(DataSourceTransactionManager.java:269)
	at org.springframework.transaction.support.AbstractPlatformTransactionManager.startTransaction(AbstractPlatformTransactionManager.java:400)
	at org.springframework.transaction.support.AbstractPlatformTransactionManager.getTransaction(AbstractPlatformTransactionManager.java:373)
	at org.springframework.transaction.interceptor.TransactionAspectSupport.createTransactionIfNecessary(TransactionAspectSupport.java:601)
	at org.springframework.transaction.interceptor.TransactionAspectSupport.invokeWithinTransaction(TransactionAspectSupport.java:385)
	at org.springframework.transaction.interceptor.TransactionInterceptor.invoke(TransactionInterceptor.java:119)
	at org.springframework.aop.framework.ReflectiveMethodInvocation.proceed(ReflectiveMethodInvocation.java:184)
	at org.springframework.aop.framework.CglibAopProxy$CglibMethodInvocation.proceed(CglibAopProxy.java:751)
	at org.springframework.aop.framework.CglibAopProxy$DynamicAdvisedInterceptor.intercept(CglibAopProxy.java:703)
	at com.scenic.ai.service.impl.CrowdCountServiceImpl$$SpringCGLIB$$0.findExceedThresholdCounts(<generated>)
	at com.scenic.ai.service.SchedulerService.checkFlowAlerts(SchedulerService.java:53)
	at com.scenic.ai.service.SchedulerService.checkAlerts(SchedulerService.java:39)
	at java.base/jdk.internal.reflect.NativeMethodAccessorImpl.invoke0(Native Method)
	at java.base/jdk.internal.reflect.NativeMethodAccessorImpl.invoke(NativeMethodAccessorImpl.java:77)
	at java.base/jdk.internal.reflect.DelegatingMethodAccessorImpl.invoke(DelegatingMethodAccessorImpl.java:43)
	at java.base/java.lang.reflect.Method.invoke(Method.java:568)
	at org.springframework.scheduling.support.ScheduledMethodRunnable.run(ScheduledMethodRunnable.java:84)
	at org.springframework.scheduling.support.DelegatingErrorHandlingRunnable.run(DelegatingErrorHandlingRunnable.java:54)
	at org.springframework.scheduling.concurrent.ReschedulingRunnable.run(ReschedulingRunnable.java:96)
	at java.base/java.util.concurrent.Executors$RunnableAdapter.call(Executors.java:539)
	at java.base/java.util.concurrent.FutureTask.run(FutureTask.java:264)
	at java.base/java.util.concurrent.ScheduledThreadPoolExecutor$ScheduledFutureTask.run(ScheduledThreadPoolExecutor.java:304)
	at java.base/java.util.concurrent.ThreadPoolExecutor.runWorker(ThreadPoolExecutor.java:1136)
	at java.base/java.util.concurrent.ThreadPoolExecutor$Worker.run(ThreadPoolExecutor.java:635)
	at java.base/java.lang.Thread.run(Thread.java:842)
Caused by: java.net.ConnectException: Connection refused: no further information
	at java.base/sun.nio.ch.Net.pollConnect(Native Method)
	at java.base/sun.nio.ch.Net.pollConnectNow(Net.java:672)
	at java.base/sun.nio.ch.NioSocketImpl.timedFinishConnect(NioSocketImpl.java:554)
	at java.base/sun.nio.ch.NioSocketImpl.connect(NioSocketImpl.java:602)
	at java.base/java.net.SocksSocketImpl.connect(SocksSocketImpl.java:327)
	at java.base/java.net.Socket.connect(Socket.java:633)
	at dm.jdbc.a.c.d(SourceFile:110)
	at dm.jdbc.a.c.b(SourceFile:68)
	at dm.jdbc.a.c.g(SourceFile:1)
	at dm.jdbc.a.a.init(SourceFile:209)
	... 39 common frames omitted
2025-04-14 11:05:06.114 [http-nio-8080-exec-1] ERROR o.a.c.c.C.[.[localhost].[/].[jsp] - Servlet.service() for servlet [jsp] threw exception
org.apache.el.parser.ParseException: Encountered " "=" "= "" at line 1, column 7.
Was expecting one of:
    "{" ...
    <INTEGER_LITERAL> ...
    <FLOATING_POINT_LITERAL> ...
    <STRING_LITERAL> ...
    "true" ...
    "false" ...
    "null" ...
    "(" ...
    "[" ...
    "!" ...
    "not" ...
    "empty" ...
    "-" ...
    <IDENTIFIER> ...
    
	at org.apache.el.parser.ELParser.generateParseException(ELParser.java:3897)
	at org.apache.el.parser.ELParser.jj_consume_token(ELParser.java:3747)
	at org.apache.el.parser.ELParser.Unary(ELParser.java:1511)
	at org.apache.el.parser.ELParser.Multiplication(ELParser.java:1219)
	at org.apache.el.parser.ELParser.Math(ELParser.java:1124)
	at org.apache.el.parser.ELParser.Concatenation(ELParser.java:1073)
	at org.apache.el.parser.ELParser.Compare(ELParser.java:847)
	at org.apache.el.parser.ELParser.Equality(ELParser.java:758)
	at org.apache.el.parser.ELParser.And(ELParser.java:657)
	at org.apache.el.parser.ELParser.Or(ELParser.java:592)
	at org.apache.el.parser.ELParser.Choice(ELParser.java:543)
	at org.apache.el.parser.ELParser.Assignment(ELParser.java:271)
	at org.apache.el.parser.ELParser.Semicolon(ELParser.java:203)
	at org.apache.el.parser.ELParser.Expression(ELParser.java:196)
	at org.apache.el.parser.ELParser.DynamicExpression(ELParser.java:162)
	at org.apache.el.parser.ELParser.CompositeExpression(ELParser.java:46)
	at org.apache.el.lang.ExpressionBuilder.createNodeInternal(ExpressionBuilder.java:113)
	at org.apache.el.lang.ExpressionBuilder.build(ExpressionBuilder.java:175)
	at org.apache.el.lang.ExpressionBuilder.createValueExpression(ExpressionBuilder.java:239)
	at org.apache.el.ExpressionFactoryImpl.createValueExpression(ExpressionFactoryImpl.java:66)
	at org.apache.jasper.compiler.Validator$ValidateVisitor.prepareExpression(Validator.java:1658)
	at org.apache.jasper.compiler.Validator$ValidateVisitor.visit(Validator.java:787)
	at org.apache.jasper.compiler.Node$ELExpression.accept(Node.java:957)
	at org.apache.jasper.compiler.Node$Nodes.visit(Node.java:2383)
	at org.apache.jasper.compiler.Node$Visitor.visitBody(Node.java:2439)
	at org.apache.jasper.compiler.Node$Visitor.visit(Node.java:2445)
	at org.apache.jasper.compiler.Node$Root.accept(Node.java:469)
	at org.apache.jasper.compiler.Node$Nodes.visit(Node.java:2383)
	at org.apache.jasper.compiler.Validator.validateExDirectives(Validator.java:1885)
	at org.apache.jasper.compiler.Compiler.generateJava(Compiler.java:229)
	at org.apache.jasper.compiler.Compiler.compile(Compiler.java:396)
	at org.apache.jasper.compiler.Compiler.compile(Compiler.java:372)
	at org.apache.jasper.compiler.Compiler.compile(Compiler.java:356)
	at org.apache.jasper.JspCompilationContext.compile(JspCompilationContext.java:603)
	at org.apache.jasper.servlet.JspServletWrapper.service(JspServletWrapper.java:396)
	at org.apache.jasper.servlet.JspServlet.serviceJspFile(JspServlet.java:380)
	at org.apache.jasper.servlet.JspServlet.service(JspServlet.java:328)
	at jakarta.servlet.http.HttpServlet.service(HttpServlet.java:658)
	at org.apache.catalina.core.ApplicationFilterChain.internalDoFilter(ApplicationFilterChain.java:205)
	at org.apache.catalina.core.ApplicationFilterChain.doFilter(ApplicationFilterChain.java:149)
	at org.apache.tomcat.websocket.server.WsFilter.doFilter(WsFilter.java:51)
	at org.apache.catalina.core.ApplicationFilterChain.internalDoFilter(ApplicationFilterChain.java:174)
	at org.apache.catalina.core.ApplicationFilterChain.doFilter(ApplicationFilterChain.java:149)
	at org.springframework.web.filter.OncePerRequestFilter.doFilter(OncePerRequestFilter.java:110)
	at org.apache.catalina.core.ApplicationFilterChain.internalDoFilter(ApplicationFilterChain.java:174)
	at org.apache.catalina.core.ApplicationFilterChain.doFilter(ApplicationFilterChain.java:149)
	at org.springframework.web.filter.OncePerRequestFilter.doFilter(OncePerRequestFilter.java:110)
	at org.apache.catalina.core.ApplicationFilterChain.internalDoFilter(ApplicationFilterChain.java:174)
	at org.apache.catalina.core.ApplicationFilterChain.doFilter(ApplicationFilterChain.java:149)
	at org.springframework.web.filter.OncePerRequestFilter.doFilter(OncePerRequestFilter.java:110)
	at org.apache.catalina.core.ApplicationFilterChain.internalDoFilter(ApplicationFilterChain.java:174)
	at org.apache.catalina.core.ApplicationFilterChain.doFilter(ApplicationFilterChain.java:149)
	at org.apache.catalina.core.ApplicationDispatcher.invoke(ApplicationDispatcher.java:642)
	at org.apache.catalina.core.ApplicationDispatcher.processRequest(ApplicationDispatcher.java:408)
	at org.apache.catalina.core.ApplicationDispatcher.doForward(ApplicationDispatcher.java:340)
	at org.apache.catalina.core.ApplicationDispatcher.forward(ApplicationDispatcher.java:277)
	at org.springframework.web.servlet.view.InternalResourceView.renderMergedOutputModel(InternalResourceView.java:171)
	at org.springframework.web.servlet.view.AbstractView.render(AbstractView.java:314)
	at org.springframework.web.servlet.DispatcherServlet.render(DispatcherServlet.java:1415)
	at org.springframework.web.servlet.DispatcherServlet.processDispatchResult(DispatcherServlet.java:1159)
	at org.springframework.web.servlet.DispatcherServlet.doDispatch(DispatcherServlet.java:1098)
	at org.springframework.web.servlet.DispatcherServlet.doService(DispatcherServlet.java:974)
	at org.springframework.web.servlet.FrameworkServlet.processRequest(FrameworkServlet.java:1011)
	at org.springframework.web.servlet.FrameworkServlet.doGet(FrameworkServlet.java:903)
	at jakarta.servlet.http.HttpServlet.service(HttpServlet.java:564)
	at org.springframework.web.servlet.FrameworkServlet.service(FrameworkServlet.java:885)
	at jakarta.servlet.http.HttpServlet.service(HttpServlet.java:658)
	at org.apache.catalina.core.ApplicationFilterChain.internalDoFilter(ApplicationFilterChain.java:205)
	at org.apache.catalina.core.ApplicationFilterChain.doFilter(ApplicationFilterChain.java:149)
	at org.apache.tomcat.websocket.server.WsFilter.doFilter(WsFilter.java:51)
	at org.apache.catalina.core.ApplicationFilterChain.internalDoFilter(ApplicationFilterChain.java:174)
	at org.apache.catalina.core.ApplicationFilterChain.doFilter(ApplicationFilterChain.java:149)
	at org.springframework.web.filter.RequestContextFilter.doFilterInternal(RequestContextFilter.java:100)
	at org.springframework.web.filter.OncePerRequestFilter.doFilter(OncePerRequestFilter.java:116)
	at org.apache.catalina.core.ApplicationFilterChain.internalDoFilter(ApplicationFilterChain.java:174)
	at org.apache.catalina.core.ApplicationFilterChain.doFilter(ApplicationFilterChain.java:149)
	at org.springframework.web.filter.FormContentFilter.doFilterInternal(FormContentFilter.java:93)
	at org.springframework.web.filter.OncePerRequestFilter.doFilter(OncePerRequestFilter.java:116)
	at org.apache.catalina.core.ApplicationFilterChain.internalDoFilter(ApplicationFilterChain.java:174)
	at org.apache.catalina.core.ApplicationFilterChain.doFilter(ApplicationFilterChain.java:149)
	at org.springframework.web.filter.ServerHttpObservationFilter.doFilterInternal(ServerHttpObservationFilter.java:109)
	at org.springframework.web.filter.OncePerRequestFilter.doFilter(OncePerRequestFilter.java:116)
	at org.apache.catalina.core.ApplicationFilterChain.internalDoFilter(ApplicationFilterChain.java:174)
	at org.apache.catalina.core.ApplicationFilterChain.doFilter(ApplicationFilterChain.java:149)
	at org.springframework.web.filter.CharacterEncodingFilter.doFilterInternal(CharacterEncodingFilter.java:201)
	at org.springframework.web.filter.OncePerRequestFilter.doFilter(OncePerRequestFilter.java:116)
	at org.apache.catalina.core.ApplicationFilterChain.internalDoFilter(ApplicationFilterChain.java:174)
	at org.apache.catalina.core.ApplicationFilterChain.doFilter(ApplicationFilterChain.java:149)
	at org.apache.catalina.core.StandardWrapperValve.invoke(StandardWrapperValve.java:167)
	at org.apache.catalina.core.StandardContextValve.invoke(StandardContextValve.java:90)
	at org.apache.catalina.authenticator.AuthenticatorBase.invoke(AuthenticatorBase.java:482)
	at org.apache.catalina.core.StandardHostValve.invoke(StandardHostValve.java:115)
	at org.apache.catalina.valves.ErrorReportValve.invoke(ErrorReportValve.java:93)
	at org.apache.catalina.core.StandardEngineValve.invoke(StandardEngineValve.java:74)
	at org.apache.catalina.connector.CoyoteAdapter.service(CoyoteAdapter.java:340)
	at org.apache.coyote.http11.Http11Processor.service(Http11Processor.java:391)
	at org.apache.coyote.AbstractProcessorLight.process(AbstractProcessorLight.java:63)
	at org.apache.coyote.AbstractProtocol$ConnectionHandler.process(AbstractProtocol.java:896)
	at org.apache.tomcat.util.net.NioEndpoint$SocketProcessor.doRun(NioEndpoint.java:1744)
	at org.apache.tomcat.util.net.SocketProcessorBase.run(SocketProcessorBase.java:52)
	at org.apache.tomcat.util.threads.ThreadPoolExecutor.runWorker(ThreadPoolExecutor.java:1191)
	at org.apache.tomcat.util.threads.ThreadPoolExecutor$Worker.run(ThreadPoolExecutor.java:659)
	at org.apache.tomcat.util.threads.TaskThread$WrappingRunnable.run(TaskThread.java:61)
	at java.base/java.lang.Thread.run(Thread.java:842)
2025-04-14 11:05:06.124 [http-nio-8080-exec-1] ERROR o.a.c.c.C.[.[.[.[dispatcherServlet] - Servlet.service() for servlet [dispatcherServlet] in context with path [] threw exception [jakarta.el.ELException: Failed to parse the expression [${i === pageData.current ? 'active' : ''}]] with root cause
org.apache.el.parser.ParseException: Encountered " "=" "= "" at line 1, column 7.
Was expecting one of:
    "{" ...
    <INTEGER_LITERAL> ...
    <FLOATING_POINT_LITERAL> ...
    <STRING_LITERAL> ...
    "true" ...
    "false" ...
    "null" ...
    "(" ...
    "[" ...
    "!" ...
    "not" ...
    "empty" ...
    "-" ...
    <IDENTIFIER> ...
    
	at org.apache.el.parser.ELParser.generateParseException(ELParser.java:3897)
	at org.apache.el.parser.ELParser.jj_consume_token(ELParser.java:3747)
	at org.apache.el.parser.ELParser.Unary(ELParser.java:1511)
	at org.apache.el.parser.ELParser.Multiplication(ELParser.java:1219)
	at org.apache.el.parser.ELParser.Math(ELParser.java:1124)
	at org.apache.el.parser.ELParser.Concatenation(ELParser.java:1073)
	at org.apache.el.parser.ELParser.Compare(ELParser.java:847)
	at org.apache.el.parser.ELParser.Equality(ELParser.java:758)
	at org.apache.el.parser.ELParser.And(ELParser.java:657)
	at org.apache.el.parser.ELParser.Or(ELParser.java:592)
	at org.apache.el.parser.ELParser.Choice(ELParser.java:543)
	at org.apache.el.parser.ELParser.Assignment(ELParser.java:271)
	at org.apache.el.parser.ELParser.Semicolon(ELParser.java:203)
	at org.apache.el.parser.ELParser.Expression(ELParser.java:196)
	at org.apache.el.parser.ELParser.DynamicExpression(ELParser.java:162)
	at org.apache.el.parser.ELParser.CompositeExpression(ELParser.java:46)
	at org.apache.el.lang.ExpressionBuilder.createNodeInternal(ExpressionBuilder.java:113)
	at org.apache.el.lang.ExpressionBuilder.build(ExpressionBuilder.java:175)
	at org.apache.el.lang.ExpressionBuilder.createValueExpression(ExpressionBuilder.java:239)
	at org.apache.el.ExpressionFactoryImpl.createValueExpression(ExpressionFactoryImpl.java:66)
	at org.apache.jasper.compiler.Validator$ValidateVisitor.prepareExpression(Validator.java:1658)
	at org.apache.jasper.compiler.Validator$ValidateVisitor.visit(Validator.java:787)
	at org.apache.jasper.compiler.Node$ELExpression.accept(Node.java:957)
	at org.apache.jasper.compiler.Node$Nodes.visit(Node.java:2383)
	at org.apache.jasper.compiler.Node$Visitor.visitBody(Node.java:2439)
	at org.apache.jasper.compiler.Node$Visitor.visit(Node.java:2445)
	at org.apache.jasper.compiler.Node$Root.accept(Node.java:469)
	at org.apache.jasper.compiler.Node$Nodes.visit(Node.java:2383)
	at org.apache.jasper.compiler.Validator.validateExDirectives(Validator.java:1885)
	at org.apache.jasper.compiler.Compiler.generateJava(Compiler.java:229)
	at org.apache.jasper.compiler.Compiler.compile(Compiler.java:396)
	at org.apache.jasper.compiler.Compiler.compile(Compiler.java:372)
	at org.apache.jasper.compiler.Compiler.compile(Compiler.java:356)
	at org.apache.jasper.JspCompilationContext.compile(JspCompilationContext.java:603)
	at org.apache.jasper.servlet.JspServletWrapper.service(JspServletWrapper.java:396)
	at org.apache.jasper.servlet.JspServlet.serviceJspFile(JspServlet.java:380)
	at org.apache.jasper.servlet.JspServlet.service(JspServlet.java:328)
	at jakarta.servlet.http.HttpServlet.service(HttpServlet.java:658)
	at org.apache.catalina.core.ApplicationFilterChain.internalDoFilter(ApplicationFilterChain.java:205)
	at org.apache.catalina.core.ApplicationFilterChain.doFilter(ApplicationFilterChain.java:149)
	at org.apache.tomcat.websocket.server.WsFilter.doFilter(WsFilter.java:51)
	at org.apache.catalina.core.ApplicationFilterChain.internalDoFilter(ApplicationFilterChain.java:174)
	at org.apache.catalina.core.ApplicationFilterChain.doFilter(ApplicationFilterChain.java:149)
	at org.springframework.web.filter.OncePerRequestFilter.doFilter(OncePerRequestFilter.java:110)
	at org.apache.catalina.core.ApplicationFilterChain.internalDoFilter(ApplicationFilterChain.java:174)
	at org.apache.catalina.core.ApplicationFilterChain.doFilter(ApplicationFilterChain.java:149)
	at org.springframework.web.filter.OncePerRequestFilter.doFilter(OncePerRequestFilter.java:110)
	at org.apache.catalina.core.ApplicationFilterChain.internalDoFilter(ApplicationFilterChain.java:174)
	at org.apache.catalina.core.ApplicationFilterChain.doFilter(ApplicationFilterChain.java:149)
	at org.springframework.web.filter.OncePerRequestFilter.doFilter(OncePerRequestFilter.java:110)
	at org.apache.catalina.core.ApplicationFilterChain.internalDoFilter(ApplicationFilterChain.java:174)
	at org.apache.catalina.core.ApplicationFilterChain.doFilter(ApplicationFilterChain.java:149)
	at org.apache.catalina.core.ApplicationDispatcher.invoke(ApplicationDispatcher.java:642)
	at org.apache.catalina.core.ApplicationDispatcher.processRequest(ApplicationDispatcher.java:408)
	at org.apache.catalina.core.ApplicationDispatcher.doForward(ApplicationDispatcher.java:340)
	at org.apache.catalina.core.ApplicationDispatcher.forward(ApplicationDispatcher.java:277)
	at org.springframework.web.servlet.view.InternalResourceView.renderMergedOutputModel(InternalResourceView.java:171)
	at org.springframework.web.servlet.view.AbstractView.render(AbstractView.java:314)
	at org.springframework.web.servlet.DispatcherServlet.render(DispatcherServlet.java:1415)
	at org.springframework.web.servlet.DispatcherServlet.processDispatchResult(DispatcherServlet.java:1159)
	at org.springframework.web.servlet.DispatcherServlet.doDispatch(DispatcherServlet.java:1098)
	at org.springframework.web.servlet.DispatcherServlet.doService(DispatcherServlet.java:974)
	at org.springframework.web.servlet.FrameworkServlet.processRequest(FrameworkServlet.java:1011)
	at org.springframework.web.servlet.FrameworkServlet.doGet(FrameworkServlet.java:903)
	at jakarta.servlet.http.HttpServlet.service(HttpServlet.java:564)
	at org.springframework.web.servlet.FrameworkServlet.service(FrameworkServlet.java:885)
	at jakarta.servlet.http.HttpServlet.service(HttpServlet.java:658)
	at org.apache.catalina.core.ApplicationFilterChain.internalDoFilter(ApplicationFilterChain.java:205)
	at org.apache.catalina.core.ApplicationFilterChain.doFilter(ApplicationFilterChain.java:149)
	at org.apache.tomcat.websocket.server.WsFilter.doFilter(WsFilter.java:51)
	at org.apache.catalina.core.ApplicationFilterChain.internalDoFilter(ApplicationFilterChain.java:174)
	at org.apache.catalina.core.ApplicationFilterChain.doFilter(ApplicationFilterChain.java:149)
	at org.springframework.web.filter.RequestContextFilter.doFilterInternal(RequestContextFilter.java:100)
	at org.springframework.web.filter.OncePerRequestFilter.doFilter(OncePerRequestFilter.java:116)
	at org.apache.catalina.core.ApplicationFilterChain.internalDoFilter(ApplicationFilterChain.java:174)
	at org.apache.catalina.core.ApplicationFilterChain.doFilter(ApplicationFilterChain.java:149)
	at org.springframework.web.filter.FormContentFilter.doFilterInternal(FormContentFilter.java:93)
	at org.springframework.web.filter.OncePerRequestFilter.doFilter(OncePerRequestFilter.java:116)
	at org.apache.catalina.core.ApplicationFilterChain.internalDoFilter(ApplicationFilterChain.java:174)
	at org.apache.catalina.core.ApplicationFilterChain.doFilter(ApplicationFilterChain.java:149)
	at org.springframework.web.filter.ServerHttpObservationFilter.doFilterInternal(ServerHttpObservationFilter.java:109)
	at org.springframework.web.filter.OncePerRequestFilter.doFilter(OncePerRequestFilter.java:116)
	at org.apache.catalina.core.ApplicationFilterChain.internalDoFilter(ApplicationFilterChain.java:174)
	at org.apache.catalina.core.ApplicationFilterChain.doFilter(ApplicationFilterChain.java:149)
	at org.springframework.web.filter.CharacterEncodingFilter.doFilterInternal(CharacterEncodingFilter.java:201)
	at org.springframework.web.filter.OncePerRequestFilter.doFilter(OncePerRequestFilter.java:116)
	at org.apache.catalina.core.ApplicationFilterChain.internalDoFilter(ApplicationFilterChain.java:174)
	at org.apache.catalina.core.ApplicationFilterChain.doFilter(ApplicationFilterChain.java:149)
	at org.apache.catalina.core.StandardWrapperValve.invoke(StandardWrapperValve.java:167)
	at org.apache.catalina.core.StandardContextValve.invoke(StandardContextValve.java:90)
	at org.apache.catalina.authenticator.AuthenticatorBase.invoke(AuthenticatorBase.java:482)
	at org.apache.catalina.core.StandardHostValve.invoke(StandardHostValve.java:115)
	at org.apache.catalina.valves.ErrorReportValve.invoke(ErrorReportValve.java:93)
	at org.apache.catalina.core.StandardEngineValve.invoke(StandardEngineValve.java:74)
	at org.apache.catalina.connector.CoyoteAdapter.service(CoyoteAdapter.java:340)
	at org.apache.coyote.http11.Http11Processor.service(Http11Processor.java:391)
	at org.apache.coyote.AbstractProcessorLight.process(AbstractProcessorLight.java:63)
	at org.apache.coyote.AbstractProtocol$ConnectionHandler.process(AbstractProtocol.java:896)
	at org.apache.tomcat.util.net.NioEndpoint$SocketProcessor.doRun(NioEndpoint.java:1744)
	at org.apache.tomcat.util.net.SocketProcessorBase.run(SocketProcessorBase.java:52)
	at org.apache.tomcat.util.threads.ThreadPoolExecutor.runWorker(ThreadPoolExecutor.java:1191)
	at org.apache.tomcat.util.threads.ThreadPoolExecutor$Worker.run(ThreadPoolExecutor.java:659)
	at org.apache.tomcat.util.threads.TaskThread$WrappingRunnable.run(TaskThread.java:61)
	at java.base/java.lang.Thread.run(Thread.java:842)
