2025-04-14 11:08:07.023 [background-preinit] INFO  o.h.validator.internal.util.Version - HV000001: Hibernate Validator 8.0.1.Final
2025-04-14 11:08:08.939 [main] INFO  o.s.b.w.e.tomcat.TomcatWebServer - Tomcat initialized with port(s): 8080 (http)
2025-04-14 11:08:08.955 [main] INFO  o.a.coyote.http11.Http11NioProtocol - Initializing ProtocolHandler ["http-nio-8080"]
2025-04-14 11:08:08.963 [main] INFO  o.a.catalina.core.StandardService - Starting service [Tomcat]
2025-04-14 11:08:08.965 [main] INFO  o.a.catalina.core.StandardEngine - Starting Servlet engine: [Apache Tomcat/10.1.15]
2025-04-14 11:08:09.384 [main] INFO  o.apache.jasper.servlet.TldScanner - At least one JAR was scanned for TLDs yet contained no TLDs. Enable debug logging for this logger for a complete list of JARs that were scanned but no TLDs were found in them. Skipping unneeded JARs during scanning can improve startup time and JSP compilation time.
2025-04-14 11:08:09.612 [main] INFO  o.a.c.c.C.[Tomcat].[localhost].[/] - Initializing Spring embedded WebApplicationContext
2025-04-14 11:08:09.612 [main] INFO  o.s.b.w.s.c.ServletWebServerApplicationContext - Root WebApplicationContext: initialization completed in 2481 ms
2025-04-14 11:08:10.193 [main] ERROR c.b.m.core.MybatisConfiguration - mapper[com.scenic.ai.mapper.AlertMapper.batchUpdateStatus] is ignored, because it exists, maybe from xml file
2025-04-14 11:08:10.193 [main] ERROR c.b.m.core.MybatisConfiguration - mapper[com.scenic.ai.mapper.AlertMapper.findByConditions] is ignored, because it exists, maybe from xml file
2025-04-14 11:08:10.193 [main] ERROR c.b.m.core.MybatisConfiguration - mapper[com.scenic.ai.mapper.AlertMapper.countByTimeRange] is ignored, because it exists, maybe from xml file
2025-04-14 11:08:10.193 [main] ERROR c.b.m.core.MybatisConfiguration - mapper[com.scenic.ai.mapper.AlertMapper.findByStatus] is ignored, because it exists, maybe from xml file
2025-04-14 11:08:10.204 [main] ERROR c.b.m.core.MybatisConfiguration - mapper[com.scenic.ai.mapper.AlertMapper.findByLevelAndStatus] is ignored, because it exists, maybe from xml file
2025-04-14 11:08:11.070 [main] INFO  o.s.b.a.e.web.EndpointLinksResolver - Exposing 1 endpoint(s) beneath base path '/actuator'
2025-04-14 11:08:11.301 [main] INFO  o.s.b.a.w.s.WelcomePageHandlerMapping - Adding welcome page template: index
2025-04-14 11:08:11.626 [main] INFO  o.a.coyote.http11.Http11NioProtocol - Starting ProtocolHandler ["http-nio-8080"]
2025-04-14 11:08:11.700 [main] INFO  o.s.b.w.e.tomcat.TomcatWebServer - Tomcat started on port(s): 8080 (http) with context path ''
2025-04-14 11:10:00.054 [scheduled-task-1] INFO  com.zaxxer.hikari.HikariDataSource - HikariCP - Starting...
2025-04-14 11:10:03.449 [scheduled-task-1] ERROR com.zaxxer.hikari.pool.HikariPool - HikariCP - Exception during pool initialization.
dm.jdbc.driver.DMException: 网络通信异常
	at dm.jdbc.driver.DBError.throwException(SourceFile:847)
	at dm.jdbc.a.a.init(SourceFile:215)
	at dm.jdbc.a.a.<init>(SourceFile:182)
	at dm.jdbc.driver.DmdbConnection.openConnection(SourceFile:761)
	at dm.jdbc.internal.conf.EP.connect(SourceFile:145)
	at dm.jdbc.internal.conf.EPGroup$EPSelector.select(SourceFile:497)
	at dm.jdbc.internal.conf.EPGroup.connect(SourceFile:340)
	at dm.jdbc.driver.DmDriver.do_connect(SourceFile:164)
	at dm.jdbc.driver.DmDriver.connect(SourceFile:450)
	at com.zaxxer.hikari.util.DriverDataSource.getConnection(DriverDataSource.java:138)
	at com.zaxxer.hikari.pool.PoolBase.newConnection(PoolBase.java:359)
	at com.zaxxer.hikari.pool.PoolBase.newPoolEntry(PoolBase.java:201)
	at com.zaxxer.hikari.pool.HikariPool.createPoolEntry(HikariPool.java:470)
	at com.zaxxer.hikari.pool.HikariPool.checkFailFast(HikariPool.java:561)
	at com.zaxxer.hikari.pool.HikariPool.<init>(HikariPool.java:100)
	at com.zaxxer.hikari.HikariDataSource.getConnection(HikariDataSource.java:112)
	at org.springframework.jdbc.datasource.DataSourceTransactionManager.doBegin(DataSourceTransactionManager.java:269)
	at org.springframework.transaction.support.AbstractPlatformTransactionManager.startTransaction(AbstractPlatformTransactionManager.java:400)
	at org.springframework.transaction.support.AbstractPlatformTransactionManager.getTransaction(AbstractPlatformTransactionManager.java:373)
	at org.springframework.transaction.interceptor.TransactionAspectSupport.createTransactionIfNecessary(TransactionAspectSupport.java:601)
	at org.springframework.transaction.interceptor.TransactionAspectSupport.invokeWithinTransaction(TransactionAspectSupport.java:385)
	at org.springframework.transaction.interceptor.TransactionInterceptor.invoke(TransactionInterceptor.java:119)
	at org.springframework.aop.framework.ReflectiveMethodInvocation.proceed(ReflectiveMethodInvocation.java:184)
	at org.springframework.aop.framework.CglibAopProxy$CglibMethodInvocation.proceed(CglibAopProxy.java:751)
	at org.springframework.aop.framework.CglibAopProxy$DynamicAdvisedInterceptor.intercept(CglibAopProxy.java:703)
	at com.scenic.ai.service.impl.CrowdCountServiceImpl$$SpringCGLIB$$0.findExceedThresholdCounts(<generated>)
	at com.scenic.ai.service.SchedulerService.checkFlowAlerts(SchedulerService.java:53)
	at com.scenic.ai.service.SchedulerService.checkAlerts(SchedulerService.java:39)
	at java.base/jdk.internal.reflect.NativeMethodAccessorImpl.invoke0(Native Method)
	at java.base/jdk.internal.reflect.NativeMethodAccessorImpl.invoke(NativeMethodAccessorImpl.java:77)
	at java.base/jdk.internal.reflect.DelegatingMethodAccessorImpl.invoke(DelegatingMethodAccessorImpl.java:43)
	at java.base/java.lang.reflect.Method.invoke(Method.java:568)
	at org.springframework.scheduling.support.ScheduledMethodRunnable.run(ScheduledMethodRunnable.java:84)
	at org.springframework.scheduling.support.DelegatingErrorHandlingRunnable.run(DelegatingErrorHandlingRunnable.java:54)
	at org.springframework.scheduling.concurrent.ReschedulingRunnable.run(ReschedulingRunnable.java:96)
	at java.base/java.util.concurrent.Executors$RunnableAdapter.call(Executors.java:539)
	at java.base/java.util.concurrent.FutureTask.run(FutureTask.java:264)
	at java.base/java.util.concurrent.ScheduledThreadPoolExecutor$ScheduledFutureTask.run(ScheduledThreadPoolExecutor.java:304)
	at java.base/java.util.concurrent.ThreadPoolExecutor.runWorker(ThreadPoolExecutor.java:1136)
	at java.base/java.util.concurrent.ThreadPoolExecutor$Worker.run(ThreadPoolExecutor.java:635)
	at java.base/java.lang.Thread.run(Thread.java:842)
Caused by: java.net.ConnectException: Connection refused: no further information
	at java.base/sun.nio.ch.Net.pollConnect(Native Method)
	at java.base/sun.nio.ch.Net.pollConnectNow(Net.java:672)
	at java.base/sun.nio.ch.NioSocketImpl.timedFinishConnect(NioSocketImpl.java:554)
	at java.base/sun.nio.ch.NioSocketImpl.connect(NioSocketImpl.java:602)
	at java.base/java.net.SocksSocketImpl.connect(SocksSocketImpl.java:327)
	at java.base/java.net.Socket.connect(Socket.java:633)
	at dm.jdbc.a.c.d(SourceFile:110)
	at dm.jdbc.a.c.b(SourceFile:68)
	at dm.jdbc.a.c.g(SourceFile:1)
	at dm.jdbc.a.a.init(SourceFile:209)
	... 39 common frames omitted
2025-04-14 11:15:00.011 [scheduled-task-3] INFO  com.zaxxer.hikari.HikariDataSource - HikariCP - Starting...
2025-04-14 11:15:03.155 [scheduled-task-3] ERROR com.zaxxer.hikari.pool.HikariPool - HikariCP - Exception during pool initialization.
dm.jdbc.driver.DMException: 网络通信异常
	at dm.jdbc.driver.DBError.throwException(SourceFile:847)
	at dm.jdbc.a.a.init(SourceFile:215)
	at dm.jdbc.a.a.<init>(SourceFile:182)
	at dm.jdbc.driver.DmdbConnection.openConnection(SourceFile:761)
	at dm.jdbc.internal.conf.EP.connect(SourceFile:145)
	at dm.jdbc.internal.conf.EPGroup$EPSelector.select(SourceFile:497)
	at dm.jdbc.internal.conf.EPGroup.connect(SourceFile:340)
	at dm.jdbc.driver.DmDriver.do_connect(SourceFile:164)
	at dm.jdbc.driver.DmDriver.connect(SourceFile:450)
	at com.zaxxer.hikari.util.DriverDataSource.getConnection(DriverDataSource.java:138)
	at com.zaxxer.hikari.pool.PoolBase.newConnection(PoolBase.java:359)
	at com.zaxxer.hikari.pool.PoolBase.newPoolEntry(PoolBase.java:201)
	at com.zaxxer.hikari.pool.HikariPool.createPoolEntry(HikariPool.java:470)
	at com.zaxxer.hikari.pool.HikariPool.checkFailFast(HikariPool.java:561)
	at com.zaxxer.hikari.pool.HikariPool.<init>(HikariPool.java:100)
	at com.zaxxer.hikari.HikariDataSource.getConnection(HikariDataSource.java:112)
	at org.springframework.jdbc.datasource.DataSourceTransactionManager.doBegin(DataSourceTransactionManager.java:269)
	at org.springframework.transaction.support.AbstractPlatformTransactionManager.startTransaction(AbstractPlatformTransactionManager.java:400)
	at org.springframework.transaction.support.AbstractPlatformTransactionManager.getTransaction(AbstractPlatformTransactionManager.java:373)
	at org.springframework.transaction.interceptor.TransactionAspectSupport.createTransactionIfNecessary(TransactionAspectSupport.java:601)
	at org.springframework.transaction.interceptor.TransactionAspectSupport.invokeWithinTransaction(TransactionAspectSupport.java:385)
	at org.springframework.transaction.interceptor.TransactionInterceptor.invoke(TransactionInterceptor.java:119)
	at org.springframework.aop.framework.ReflectiveMethodInvocation.proceed(ReflectiveMethodInvocation.java:184)
	at org.springframework.aop.framework.CglibAopProxy$CglibMethodInvocation.proceed(CglibAopProxy.java:751)
	at org.springframework.aop.framework.CglibAopProxy$DynamicAdvisedInterceptor.intercept(CglibAopProxy.java:703)
	at com.scenic.ai.service.impl.CrowdCountServiceImpl$$SpringCGLIB$$0.findExceedThresholdCounts(<generated>)
	at com.scenic.ai.service.SchedulerService.checkFlowAlerts(SchedulerService.java:53)
	at com.scenic.ai.service.SchedulerService.checkAlerts(SchedulerService.java:39)
	at java.base/jdk.internal.reflect.NativeMethodAccessorImpl.invoke0(Native Method)
	at java.base/jdk.internal.reflect.NativeMethodAccessorImpl.invoke(NativeMethodAccessorImpl.java:77)
	at java.base/jdk.internal.reflect.DelegatingMethodAccessorImpl.invoke(DelegatingMethodAccessorImpl.java:43)
	at java.base/java.lang.reflect.Method.invoke(Method.java:568)
	at org.springframework.scheduling.support.ScheduledMethodRunnable.run(ScheduledMethodRunnable.java:84)
	at org.springframework.scheduling.support.DelegatingErrorHandlingRunnable.run(DelegatingErrorHandlingRunnable.java:54)
	at org.springframework.scheduling.concurrent.ReschedulingRunnable.run(ReschedulingRunnable.java:96)
	at java.base/java.util.concurrent.Executors$RunnableAdapter.call(Executors.java:539)
	at java.base/java.util.concurrent.FutureTask.run(FutureTask.java:264)
	at java.base/java.util.concurrent.ScheduledThreadPoolExecutor$ScheduledFutureTask.run(ScheduledThreadPoolExecutor.java:304)
	at java.base/java.util.concurrent.ThreadPoolExecutor.runWorker(ThreadPoolExecutor.java:1136)
	at java.base/java.util.concurrent.ThreadPoolExecutor$Worker.run(ThreadPoolExecutor.java:635)
	at java.base/java.lang.Thread.run(Thread.java:842)
Caused by: java.net.ConnectException: Connection refused: no further information
	at java.base/sun.nio.ch.Net.pollConnect(Native Method)
	at java.base/sun.nio.ch.Net.pollConnectNow(Net.java:672)
	at java.base/sun.nio.ch.NioSocketImpl.timedFinishConnect(NioSocketImpl.java:554)
	at java.base/sun.nio.ch.NioSocketImpl.connect(NioSocketImpl.java:602)
	at java.base/java.net.SocksSocketImpl.connect(SocksSocketImpl.java:327)
	at java.base/java.net.Socket.connect(Socket.java:633)
	at dm.jdbc.a.c.d(SourceFile:110)
	at dm.jdbc.a.c.b(SourceFile:68)
	at dm.jdbc.a.c.g(SourceFile:1)
	at dm.jdbc.a.a.init(SourceFile:209)
	... 39 common frames omitted
2025-04-14 11:20:00.005 [scheduled-task-1] INFO  com.zaxxer.hikari.HikariDataSource - HikariCP - Starting...
2025-04-14 11:20:03.110 [scheduled-task-1] ERROR com.zaxxer.hikari.pool.HikariPool - HikariCP - Exception during pool initialization.
dm.jdbc.driver.DMException: 网络通信异常
	at dm.jdbc.driver.DBError.throwException(SourceFile:847)
	at dm.jdbc.a.a.init(SourceFile:215)
	at dm.jdbc.a.a.<init>(SourceFile:182)
	at dm.jdbc.driver.DmdbConnection.openConnection(SourceFile:761)
	at dm.jdbc.internal.conf.EP.connect(SourceFile:145)
	at dm.jdbc.internal.conf.EPGroup$EPSelector.select(SourceFile:497)
	at dm.jdbc.internal.conf.EPGroup.connect(SourceFile:340)
	at dm.jdbc.driver.DmDriver.do_connect(SourceFile:164)
	at dm.jdbc.driver.DmDriver.connect(SourceFile:450)
	at com.zaxxer.hikari.util.DriverDataSource.getConnection(DriverDataSource.java:138)
	at com.zaxxer.hikari.pool.PoolBase.newConnection(PoolBase.java:359)
	at com.zaxxer.hikari.pool.PoolBase.newPoolEntry(PoolBase.java:201)
	at com.zaxxer.hikari.pool.HikariPool.createPoolEntry(HikariPool.java:470)
	at com.zaxxer.hikari.pool.HikariPool.checkFailFast(HikariPool.java:561)
	at com.zaxxer.hikari.pool.HikariPool.<init>(HikariPool.java:100)
	at com.zaxxer.hikari.HikariDataSource.getConnection(HikariDataSource.java:112)
	at org.springframework.jdbc.datasource.DataSourceTransactionManager.doBegin(DataSourceTransactionManager.java:269)
	at org.springframework.transaction.support.AbstractPlatformTransactionManager.startTransaction(AbstractPlatformTransactionManager.java:400)
	at org.springframework.transaction.support.AbstractPlatformTransactionManager.getTransaction(AbstractPlatformTransactionManager.java:373)
	at org.springframework.transaction.interceptor.TransactionAspectSupport.createTransactionIfNecessary(TransactionAspectSupport.java:601)
	at org.springframework.transaction.interceptor.TransactionAspectSupport.invokeWithinTransaction(TransactionAspectSupport.java:385)
	at org.springframework.transaction.interceptor.TransactionInterceptor.invoke(TransactionInterceptor.java:119)
	at org.springframework.aop.framework.ReflectiveMethodInvocation.proceed(ReflectiveMethodInvocation.java:184)
	at org.springframework.aop.framework.CglibAopProxy$CglibMethodInvocation.proceed(CglibAopProxy.java:751)
	at org.springframework.aop.framework.CglibAopProxy$DynamicAdvisedInterceptor.intercept(CglibAopProxy.java:703)
	at com.scenic.ai.service.impl.CrowdCountServiceImpl$$SpringCGLIB$$0.findExceedThresholdCounts(<generated>)
	at com.scenic.ai.service.SchedulerService.checkFlowAlerts(SchedulerService.java:53)
	at com.scenic.ai.service.SchedulerService.checkAlerts(SchedulerService.java:39)
	at java.base/jdk.internal.reflect.NativeMethodAccessorImpl.invoke0(Native Method)
	at java.base/jdk.internal.reflect.NativeMethodAccessorImpl.invoke(NativeMethodAccessorImpl.java:77)
	at java.base/jdk.internal.reflect.DelegatingMethodAccessorImpl.invoke(DelegatingMethodAccessorImpl.java:43)
	at java.base/java.lang.reflect.Method.invoke(Method.java:568)
	at org.springframework.scheduling.support.ScheduledMethodRunnable.run(ScheduledMethodRunnable.java:84)
	at org.springframework.scheduling.support.DelegatingErrorHandlingRunnable.run(DelegatingErrorHandlingRunnable.java:54)
	at org.springframework.scheduling.concurrent.ReschedulingRunnable.run(ReschedulingRunnable.java:96)
	at java.base/java.util.concurrent.Executors$RunnableAdapter.call(Executors.java:539)
	at java.base/java.util.concurrent.FutureTask.run(FutureTask.java:264)
	at java.base/java.util.concurrent.ScheduledThreadPoolExecutor$ScheduledFutureTask.run(ScheduledThreadPoolExecutor.java:304)
	at java.base/java.util.concurrent.ThreadPoolExecutor.runWorker(ThreadPoolExecutor.java:1136)
	at java.base/java.util.concurrent.ThreadPoolExecutor$Worker.run(ThreadPoolExecutor.java:635)
	at java.base/java.lang.Thread.run(Thread.java:842)
Caused by: java.net.ConnectException: Connection refused: no further information
	at java.base/sun.nio.ch.Net.pollConnect(Native Method)
	at java.base/sun.nio.ch.Net.pollConnectNow(Net.java:672)
	at java.base/sun.nio.ch.NioSocketImpl.timedFinishConnect(NioSocketImpl.java:554)
	at java.base/sun.nio.ch.NioSocketImpl.connect(NioSocketImpl.java:602)
	at java.base/java.net.SocksSocketImpl.connect(SocksSocketImpl.java:327)
	at java.base/java.net.Socket.connect(Socket.java:633)
	at dm.jdbc.a.c.d(SourceFile:110)
	at dm.jdbc.a.c.b(SourceFile:68)
	at dm.jdbc.a.c.g(SourceFile:1)
	at dm.jdbc.a.a.init(SourceFile:209)
	... 39 common frames omitted
