2025-04-14 10:57:18.073 [background-preinit] INFO  o.h.validator.internal.util.Version - HV000001: Hibernate Validator 8.0.1.Final
2025-04-14 10:57:19.872 [main] INFO  o.s.b.w.e.tomcat.TomcatWebServer - Tomcat initialized with port(s): 8080 (http)
2025-04-14 10:57:19.892 [main] INFO  o.a.coyote.http11.Http11NioProtocol - Initializing ProtocolHandler ["http-nio-8080"]
2025-04-14 10:57:19.896 [main] INFO  o.a.catalina.core.StandardService - Starting service [Tomcat]
2025-04-14 10:57:19.897 [main] INFO  o.a.catalina.core.StandardEngine - Starting Servlet engine: [Apache Tomcat/10.1.15]
2025-04-14 10:57:20.350 [main] INFO  o.apache.jasper.servlet.TldScanner - At least one JAR was scanned for TLDs yet contained no TLDs. Enable debug logging for this logger for a complete list of JARs that were scanned but no TLDs were found in them. Skipping unneeded JARs during scanning can improve startup time and JSP compilation time.
2025-04-14 10:57:20.569 [main] INFO  o.a.c.c.C.[Tomcat].[localhost].[/] - Initializing Spring embedded WebApplicationContext
2025-04-14 10:57:20.585 [main] INFO  o.s.b.w.s.c.ServletWebServerApplicationContext - Root WebApplicationContext: initialization completed in 2385 ms
2025-04-14 10:57:21.137 [main] ERROR c.b.m.core.MybatisConfiguration - mapper[com.scenic.ai.mapper.AlertMapper.batchUpdateStatus] is ignored, because it exists, maybe from xml file
2025-04-14 10:57:21.137 [main] ERROR c.b.m.core.MybatisConfiguration - mapper[com.scenic.ai.mapper.AlertMapper.findByLevelAndStatus] is ignored, because it exists, maybe from xml file
2025-04-14 10:57:21.146 [main] ERROR c.b.m.core.MybatisConfiguration - mapper[com.scenic.ai.mapper.AlertMapper.findByConditions] is ignored, because it exists, maybe from xml file
2025-04-14 10:57:21.149 [main] ERROR c.b.m.core.MybatisConfiguration - mapper[com.scenic.ai.mapper.AlertMapper.countByTimeRange] is ignored, because it exists, maybe from xml file
2025-04-14 10:57:21.155 [main] ERROR c.b.m.core.MybatisConfiguration - mapper[com.scenic.ai.mapper.AlertMapper.findByStatus] is ignored, because it exists, maybe from xml file
2025-04-14 10:57:21.573 [main] WARN  o.s.b.w.s.c.AnnotationConfigServletWebServerApplicationContext - Exception encountered during context initialization - cancelling refresh attempt: org.springframework.beans.factory.UnsatisfiedDependencyException: Error creating bean with name 'syncScheduler' defined in URL [jar:file:/D:/DevProjects/conghua_backend1/conghua_backend/target/scenic-ai-management-backend-1.0.0.jar!/BOOT-INF/classes!/com/scenic/ai/scheduler/SyncScheduler.class]: Unsatisfied dependency expressed through constructor parameter 0: Error creating bean with name 'syncService' defined in URL [jar:file:/D:/DevProjects/conghua_backend1/conghua_backend/target/scenic-ai-management-backend-1.0.0.jar!/BOOT-INF/classes!/com/scenic/ai/service/SyncService.class]: Unsatisfied dependency expressed through constructor parameter 1: Error creating bean with name 'thirdPartyApiService' defined in URL [jar:file:/D:/DevProjects/conghua_backend1/conghua_backend/target/scenic-ai-management-backend-1.0.0.jar!/BOOT-INF/classes!/com/scenic/ai/service/ThirdPartyApiService.class]: Unsatisfied dependency expressed through constructor parameter 0: No qualifying bean of type 'org.springframework.web.client.RestTemplate' available: expected at least 1 bean which qualifies as autowire candidate. Dependency annotations: {}
2025-04-14 10:57:21.573 [main] INFO  o.a.catalina.core.StandardService - Stopping service [Tomcat]
2025-04-14 10:57:21.604 [main] INFO  o.s.b.a.l.ConditionEvaluationReportLogger - 

Error starting ApplicationContext. To display the condition evaluation report re-run your application with 'debug' enabled.
2025-04-14 10:57:21.635 [main] ERROR o.s.b.d.LoggingFailureAnalysisReporter - 

***************************
APPLICATION FAILED TO START
***************************

Description:

Parameter 0 of constructor in com.scenic.ai.service.ThirdPartyApiService required a bean of type 'org.springframework.web.client.RestTemplate' that could not be found.


Action:

Consider defining a bean of type 'org.springframework.web.client.RestTemplate' in your configuration.

